
> trade-pulse@0.1.0 build
> next build --turbopack

   Γû▓ Next.js 15.5.9 (Turbopack)
   - Environments: .env.local, .env

   Creating an optimized production build ...
 Γ£ô Finished writing to disk in 353ms
 Γ£ô Compiled successfully in 15.2s
   Skipping linting
   Checking validity of types ...
   Collecting page data ...
node.exe :  ΓÜá Using edge runtime on a page currently 
disables static generation for that page
At C:\Program Files\nodejs\npm.ps1:29 char:3
+   & $NODE_EXE $NPM_CLI_JS $args
+   ~~~~~~~~~~~~~~~~~~~~~~~~~~~~~
    + CategoryInfo          : NotSpecified: ( ΓÜá Using e 
   dge...n for that page:String) [], RemoteException
    + FullyQualifiedErrorId : NativeCommandError
 
   Generating static pages (0/64) ...
   Generating static pages (16/64) 
FMP API key not configured or placeholder detected, trying Finnhub...
Using high-fidelity Mock Data for economic calendar (API keys not available or failed).
   Generating static pages (32/64) 
FMP News API failed with status 401
   Generating static pages (48/64) 
FMP API key not configured or placeholder detected, trying Finnhub...
Using high-fidelity Mock Data for economic calendar (API keys not available or failed).
FMP News API failed with status 401
 Γ£ô Generating static pages (64/64)
   Finalizing page optimization ...
   Collecting build traces ...

Route (app)                                         Size  First Load JS  Revalidate  Expire
Γöî Γùï /                                            15.3 kB         442 kB
Γö£ ╞Æ /_not-found                                      0 B         427 kB
Γö£ Γùï /about                                       4.53 kB         431 kB
Γö£ ╞Æ /api/admin                                       0 B            0 B
Γö£ ╞Æ /api/auth                                        0 B            0 B
Γö£ ╞Æ /api/auth/[...nextauth]                          0 B            0 B
Γö£ ╞Æ /api/auth/clear-cookies                          0 B            0 B
Γö£ ╞Æ /api/auth/set-cookies                            0 B            0 B
Γö£ ╞Æ /api/auth/validate                               0 B            0 B
Γö£ ╞Æ /api/blog/co-author                              0 B            0 B
Γö£ ╞Æ /api/blog/view                                   0 B            0 B
Γö£ ╞Æ /api/blog/views                                  0 B            0 B
Γö£ ╞Æ /api/calendar/bulk                               0 B            0 B
Γö£ ╞Æ /api/calendar/correlations                       0 B            0 B
Γö£ ╞Æ /api/calendar/events                             0 B            0 B
Γö£ ╞Æ /api/calendar/intelligence                       0 B            0 B
Γö£ ╞Æ /api/contact/concierge                           0 B            0 B
Γö£ ╞Æ /api/cron/generate-blog                          0 B            0 B
Γö£ ╞Æ /api/dashboard/ai-summary                        0 B            0 B
Γö£ ╞Æ /api/dashboard/bulk-data                         0 B            0 B
Γö£ ╞Æ /api/dashboard/calendar                          0 B            0 B
Γö£ ╞Æ /api/dashboard/news                              0 B            0 B
Γö£ ╞Æ /api/dashboard/sentiment                         0 B            0 B
Γö£ ╞Æ /api/market/all-data                             0 B            0 B
Γö£ ╞Æ /api/market/ticker-sentiment                     0 B            0 B
Γö£ ╞Æ /api/newsletter/subscribe                        0 B            0 B
Γö£ ╞Æ /api/user/profile                                0 B            0 B
Γö£ ╞Æ /api/webhook/stripe                              0 B            0 B
Γö£ ╞Æ /api/webhooks/stripe                             0 B            0 B
Γö£ ╞Æ /api/webhooks/tradingview                        0 B            0 B
Γö£ Γùï /blog                                        13.7 kB         449 kB          1h      1y
Γö£ ΓùÅ /blog/[slug]                                   16 kB         452 kB          1h      1y
Γö£   Γö£ /blog/pre-market-analysis-2024-01-15                                       1h      1y
Γö£   Γö£ /blog/market-news-update-2024-01-16                                        1h      1y
Γö£   Γö£ /blog/trading-education-basics-2024-01-17                                  1h      1y
Γö£   Γöö [+6 more paths]
Γö£ ╞Æ /blog/rss.xml                                    0 B            0 B
Γö£ Γùï /calendar                                    65.5 kB         492 kB
Γö£ Γùï /contact                                     5.52 kB         443 kB
Γö£ Γùï /cookie-policy                               13.2 kB         440 kB
Γö£ ╞Æ /cookies                                         0 B         427 kB
Γö£ Γùï /create-post                                 85.3 kB         512 kB
Γö£ Γùï /dashboard                                   9.76 kB         447 kB
Γö£ ╞Æ /dashboard/(.)app/watchlist/[symbol]             0 B         427 kB
Γö£ Γùï /dashboard/alerts                                0 B         427 kB
Γö£ Γùï /dashboard/app                               4.26 kB         442 kB
Γö£ Γùï /dashboard/app/alerts                          436 B         427 kB
Γö£ Γùï /dashboard/app/settings                        447 B         427 kB
Γö£ Γùï /dashboard/app/upgrade                         455 B         427 kB
Γö£ Γùï /dashboard/app/watchlist                         0 B         427 kB
Γö£ ╞Æ /dashboard/app/watchlist/[symbol]              440 B         428 kB
Γö£ Γùï /dashboard/settings                              0 B         427 kB
Γö£ Γùï /dashboard/upgrade                               0 B         427 kB
Γö£ Γùï /dashboard/watchlist                             0 B         427 kB
Γö£ Γùï /disclaimer                                  10.9 kB         438 kB
Γö£ Γùï /features                                        0 B         427 kB
Γö£ Γùï /forgot-password                             2.33 kB         440 kB
Γö£ Γùï /login                                        3.3 kB         441 kB
Γö£ Γùï /pricing                                     2.76 kB         430 kB
Γö£ Γùï /privacy                                     11.3 kB         438 kB
Γö£ Γùï /reset-password                                  0 B         427 kB
Γö£ Γùï /settings                                      17 kB         454 kB
Γö£ Γùï /signup                                      3.54 kB         441 kB
Γö£ ╞Æ /terms                                           0 B         427 kB
Γöö Γùï /welcome                                       428 B         427 kB
+ First Load JS shared by all                     462 kB
  Γö£ chunks/00fda508a2a7da93.js                   10.1 kB
  Γö£ chunks/1e4b837da45420f5.js                   16.9 kB
  Γö£ chunks/6fb260c09f485b5f.js                   17.1 kB
  Γö£ chunks/79ddf0d571f6a6cf.js                   13.1 kB
  Γö£ chunks/8dd36e74e1717eaa.js                    123 kB
  Γö£ chunks/967e90bd5d2b253c.js                     38 kB
  Γö£ chunks/bbf89c5280eb1f0c.js                   17.3 kB
  Γöö chunks/be57dbca87d47ad8.js                   59.2 kB
  Γö£ chunks/c97c675a3fc4b400.js                   11.1 kB
  Γö£ chunks/cdf60721d1a2915f.js                   22.8 kB
  Γö£ chunks/ed96f928f540d610.js                     49 kB
  Γö£ chunks/6609ba90d59a11a1.css                  34.5 kB
  Γöö other shared chunks (total)                  50.5 kB


╞Æ Middleware                                     38.7 kB

Γùï  (Static)   prerendered as static content
ΓùÅ  (SSG)      prerendered as static HTML (uses generateStaticParams)
╞Æ  (Dynamic)  server-rendered on demand

